[static.crazycafe.net/crazycafe/ekudmin/index.html]
[static.crazycafe.net/crazycafe/ekudmin/assets/img/favicon.png]
[backblue.gif]
[fade.gif]
[index.html]
[static.crazycafe.net/crazycafe/ekudmin/assets/css/bootstrap.min.css]
[static.crazycafe.net/crazycafe/ekudmin/assets/css/animate.min.css]
[static.crazycafe.net/crazycafe/ekudmin/assets/css/material-design-iconic-font.min.css]
[static.crazycafe.net/crazycafe/ekudmin/style.css]
[static.crazycafe.net/crazycafe/ekudmin/assets/css/responsive.css]
[static.crazycafe.net/crazycafe/ekudmin/assets/css/theme-color.css]
[static.crazycafe.net/crazycafe/ekudmin/assets/img/theme-img1.jpg]
[static.crazycafe.net/crazycafe/ekudmin/assets/img/theme-img2.jpg]
[static.crazycafe.net/crazycafe/ekudmin/assets/img/theme-img3.jpg]
[static.crazycafe.net/crazycafe/ekudmin/index-2.html]
[static.crazycafe.net/crazycafe/ekudmin/assets/img/flag1.png]
[static.crazycafe.net/crazycafe/ekudmin/assets/img/flag2.png]
[static.crazycafe.net/crazycafe/ekudmin/assets/img/flag3.png]
[static.crazycafe.net/crazycafe/ekudmin/assets/img/flag4.png]
[static.crazycafe.net/crazycafe/ekudmin/assets/img/bell-icon1.png]
[static.crazycafe.net/crazycafe/ekudmin/assets/img/bell-icon2.png]
[static.crazycafe.net/crazycafe/ekudmin/assets/img/bell-icon3.png]
[static.crazycafe.net/crazycafe/ekudmin/assets/img/bell-icon4.png]
[static.crazycafe.net/crazycafe/ekudmin/assets/img/message-img1.png]
[static.crazycafe.net/crazycafe/ekudmin/assets/img/message-img2.png]
[static.crazycafe.net/crazycafe/ekudmin/assets/img/message-img3.png]
[static.crazycafe.net/crazycafe/ekudmin/assets/img/user-img.png]
[static.crazycafe.net/crazycafe/ekudmin/assets/img/user.png]
[static.crazycafe.net/crazycafe/ekudmin/assets/img/mail.png]
[static.crazycafe.net/crazycafe/ekudmin/assets/img/Setting.png]
[static.crazycafe.net/crazycafe/ekudmin/assets/img/power.png]
[static.crazycafe.net/crazycafe/ekudmin/assets/svg/nav-icon1.svg]
[static.crazycafe.net/crazycafe/ekudmin/assets/svg/nav-icon2.svg]
[static.crazycafe.net/crazycafe/ekudmin/assets/svg/arrow-down.svg]
[static.crazycafe.net/crazycafe/ekudmin/button.html]
[static.crazycafe.net/crazycafe/ekudmin/assets/svg/subnav-arrow.svg]
[static.crazycafe.net/crazycafe/ekudmin/typography.html]
[static.crazycafe.net/crazycafe/ekudmin/grid.html]
[static.crazycafe.net/crazycafe/ekudmin/panel.html]
[static.crazycafe.net/crazycafe/ekudmin/notification.html]
[static.crazycafe.net/crazycafe/ekudmin/tabs-accordion.html]
[static.crazycafe.net/crazycafe/ekudmin/progress.html]
[static.crazycafe.net/crazycafe/ekudmin/icon.html]
[static.crazycafe.net/crazycafe/ekudmin/alert.html]
[static.crazycafe.net/crazycafe/ekudmin/modal.html]
[static.crazycafe.net/crazycafe/ekudmin/assets/svg/nav-icon3.svg]
[static.crazycafe.net/crazycafe/ekudmin/chart.html]
[static.crazycafe.net/crazycafe/ekudmin/chart-flot.html]
[static.crazycafe.net/crazycafe/ekudmin/assets/svg/nav-icon4.svg]
[static.crazycafe.net/crazycafe/ekudmin/element.html]
[static.crazycafe.net/crazycafe/ekudmin/form-layout.html]
[static.crazycafe.net/crazycafe/ekudmin/form-validation.html]
[static.crazycafe.net/crazycafe/ekudmin/assets/svg/nav-icon5.svg]
[static.crazycafe.net/crazycafe/ekudmin/table.html]
[static.crazycafe.net/crazycafe/ekudmin/data-table.html]
[static.crazycafe.net/crazycafe/ekudmin/table-foo.html]
[static.crazycafe.net/crazycafe/ekudmin/assets/svg/nav-icon6.svg]
[static.crazycafe.net/crazycafe/ekudmin/map.html]
[static.crazycafe.net/crazycafe/ekudmin/full-screen-map.html]
[static.crazycafe.net/crazycafe/ekudmin/vector-map.html]
[static.crazycafe.net/crazycafe/ekudmin/calendar.html]
[static.crazycafe.net/crazycafe/ekudmin/assets/svg/nav-icon7.svg]
[static.crazycafe.net/crazycafe/ekudmin/assets/svg/nav-icon8.svg]
[static.crazycafe.net/crazycafe/ekudmin/login.html]
[static.crazycafe.net/crazycafe/ekudmin/register.html]
[static.crazycafe.net/crazycafe/ekudmin/unlock-code.html]
[static.crazycafe.net/crazycafe/ekudmin/search.html]
[static.crazycafe.net/crazycafe/ekudmin/profile.html]
[static.crazycafe.net/crazycafe/ekudmin/invoice.html]
[static.crazycafe.net/crazycafe/ekudmin/error.html]
[static.crazycafe.net/crazycafe/ekudmin/gallery.html]
[static.crazycafe.net/crazycafe/ekudmin/assets/img/global-sales-icon1.png]
[static.crazycafe.net/crazycafe/ekudmin/assets/img/global-sales-icon2.png]
[static.crazycafe.net/crazycafe/ekudmin/assets/img/global-sales-icon3.png]
[static.crazycafe.net/crazycafe/ekudmin/assets/img/global-sales-icon4.png]
[static.crazycafe.net/crazycafe/ekudmin/assets/img/global-sales-icon5.png]
[static.crazycafe.net/crazycafe/ekudmin/assets/img/client-img1.png]
[static.crazycafe.net/crazycafe/ekudmin/assets/img/client-img2.png]
[static.crazycafe.net/crazycafe/ekudmin/assets/img/client-img3.png]
[static.crazycafe.net/crazycafe/ekudmin/assets/img/client-img4.png]
[static.crazycafe.net/crazycafe/ekudmin/assets/img/client-img5.png]
[static.crazycafe.net/crazycafe/ekudmin/assets/img/home-right-admin-img.png]
[static.crazycafe.net/crazycafe/ekudmin/assets/js/popper.min.js]
[static.crazycafe.net/crazycafe/ekudmin/assets/js/inview.js]
[static.crazycafe.net/crazycafe/ekudmin/assets/js/jquery.js]
[static.crazycafe.net/crazycafe/ekudmin/assets/js/bootstrap.min.js]
[static.crazycafe.net/crazycafe/ekudmin/assets/js/counter.js]
[static.crazycafe.net/crazycafe/ekudmin/assets/jvectormap/jquery-jvectormap-1.2.2.min.js]
[static.crazycafe.net/crazycafe/ekudmin/assets/js/dashboard.js]
[static.crazycafe.net/crazycafe/ekudmin/assets/js/dashboard-map.js]
[static.crazycafe.net/crazycafe/ekudmin/assets/js/jquery.touchSwipe.min.js]
[static.crazycafe.net/crazycafe/ekudmin/assets/js/main.js]
[static.crazycafe.net/crazycafe/ekudmin/index.html]
[static.crazycafe.net/crazycafe/ekudmin/assets/css/bootstrap.min.css]
[static.crazycafe.net/crazycafe/ekudmin/assets/js/custom-theme.js]
[static.crazycafe.net/crazycafe/ekudmin/assets/css/animate.min.css]
[static.crazycafe.net/crazycafe/ekudmin/assets/fonts/Material-Design-Iconic-Fontd1f1.woff2]
[static.crazycafe.net/crazycafe/ekudmin/assets/fonts/Material-Design-Iconic-Fontd1f1.woff]
[static.crazycafe.net/crazycafe/ekudmin/assets/jvectormap/jquery-jvectormap-world-mill-en.js]
[static.crazycafe.net/crazycafe/ekudmin/assets/fonts/Material-Design-Iconic-Fontd1f1.ttf]
[static.crazycafe.net/crazycafe/ekudmin/assets/css/material-design-iconic-font.min.css]
[static.crazycafe.net/crazycafe/ekudmin/assets/svg/full-sc.svg]
[static.crazycafe.net/crazycafe/ekudmin/assets/svg/united-kingdom.svg]
[static.crazycafe.net/crazycafe/ekudmin/assets/svg/search.svg]
[static.crazycafe.net/crazycafe/ekudmin/assets/svg/mail.svg]
[static.crazycafe.net/crazycafe/ekudmin/assets/svg/bell.svg]
[static.crazycafe.net/crazycafe/ekudmin/assets/img/unlock-img.jpg]
[static.crazycafe.net/crazycafe/ekudmin/assets/img/navigation-img1.jpg]
[static.crazycafe.net/crazycafe/ekudmin/assets/js/chart.min.js]
[static.crazycafe.net/crazycafe/ekudmin/assets/img/navigation-img3.jpg]
[static.crazycafe.net/crazycafe/ekudmin/style.css]
[static.crazycafe.net/crazycafe/ekudmin/assets/css/responsive.css]
[static.crazycafe.net/crazycafe/ekudmin/assets/css/theme-color.css]
[static.crazycafe.net/crazycafe/ekudmin/index-2.html]
[static.crazycafe.net/crazycafe/ekudmin/assets/svg/nav-icon1.svg]
[static.crazycafe.net/crazycafe/ekudmin/assets/svg/nav-icon2.svg]
[static.crazycafe.net/crazycafe/ekudmin/assets/svg/arrow-down.svg]
[static.crazycafe.net/crazycafe/ekudmin/assets/css/nice-select.css]
[static.crazycafe.net/crazycafe/ekudmin/assets/svg/pagination-arrow-left.svg]
[static.crazycafe.net/crazycafe/ekudmin/assets/svg/pagination-arrow-left-hv.svg]
[static.crazycafe.net/crazycafe/ekudmin/assets/svg/pagination-arrow-right.svg]
[static.crazycafe.net/crazycafe/ekudmin/assets/svg/pagination-arrow-right-hv.svg]
[static.crazycafe.net/crazycafe/ekudmin/assets/svg/pagination-arrow-left-hv2.svg]
[static.crazycafe.net/crazycafe/ekudmin/assets/svg/pagination-arrow-right-hv2.svg]
[static.crazycafe.net/crazycafe/ekudmin/button.html]
[static.crazycafe.net/crazycafe/ekudmin/assets/svg/subnav-arrow.svg]
[static.crazycafe.net/crazycafe/ekudmin/typography.html]
[static.crazycafe.net/crazycafe/ekudmin/grid.html]
[static.crazycafe.net/crazycafe/ekudmin/assets/js/jquery.nice-select.min.js]
[static.crazycafe.net/crazycafe/ekudmin/assets/css/perfect-scrollbar.min.css]
[static.crazycafe.net/crazycafe/ekudmin/assets/svg/accordion-down.svg]
[static.crazycafe.net/crazycafe/ekudmin/assets/svg/info.svg]
[static.crazycafe.net/crazycafe/ekudmin/assets/svg/user.svg]
[static.crazycafe.net/crazycafe/ekudmin/assets/svg/dribbble.svg]
[static.crazycafe.net/crazycafe/ekudmin/assets/svg/setting.svg]
[static.crazycafe.net/crazycafe/ekudmin/assets/svg/panel-pagination-hv.svg]
[static.crazycafe.net/crazycafe/ekudmin/assets/js/perfect-scrollbar.jquery.min.js]
[static.crazycafe.net/crazycafe/ekudmin/panel.html]
[static.crazycafe.net/crazycafe/ekudmin/notification.html]
[static.crazycafe.net/crazycafe/ekudmin/assets/svg/accordion-arrow.svg]
[static.crazycafe.net/crazycafe/ekudmin/tabs-accordion.html]
[static.crazycafe.net/crazycafe/ekudmin/progress.html]
[static.crazycafe.net/crazycafe/ekudmin/icon.html]
[static.crazycafe.net/crazycafe/ekudmin/alert.html]
[static.crazycafe.net/crazycafe/ekudmin/modal.html]
[static.crazycafe.net/crazycafe/ekudmin/assets/svg/nav-icon3.svg]
[static.crazycafe.net/crazycafe/ekudmin/assets/js/chart-active.js]
[static.crazycafe.net/crazycafe/ekudmin/chart.html]
[static.crazycafe.net/crazycafe/ekudmin/assets/js/flot-chart-active.js]
[static.crazycafe.net/crazycafe/ekudmin/chart-flot.html]
[static.crazycafe.net/crazycafe/ekudmin/assets/svg/nav-icon4.svg]
[static.crazycafe.net/crazycafe/ekudmin/element.html]
[static.crazycafe.net/crazycafe/ekudmin/form-layout.html]
[static.crazycafe.net/crazycafe/ekudmin/form-validation.html]
[static.crazycafe.net/crazycafe/ekudmin/assets/svg/nav-icon5.svg]
[static.crazycafe.net/crazycafe/ekudmin/assets/img/basic-table-icon1.png]
[static.crazycafe.net/crazycafe/ekudmin/assets/img/basic-table-icon2.png]
[static.crazycafe.net/crazycafe/ekudmin/assets/img/basic-table-icon3.png]
[static.crazycafe.net/crazycafe/ekudmin/assets/img/basic-table-icon4.png]
[static.crazycafe.net/crazycafe/ekudmin/assets/img/basic-table-icon5.png]
[static.crazycafe.net/crazycafe/ekudmin/assets/img/basic-table-icon6.png]
[static.crazycafe.net/crazycafe/ekudmin/table.html]
[static.crazycafe.net/crazycafe/ekudmin/data-table.html]
[static.crazycafe.net/crazycafe/ekudmin/table-foo.html]
[static.crazycafe.net/crazycafe/ekudmin/assets/svg/nav-icon6.svg]
[static.crazycafe.net/crazycafe/ekudmin/assets/js/gmap3.min.js]
[static.crazycafe.net/crazycafe/ekudmin/assets/js/map.js]
[static.crazycafe.net/crazycafe/ekudmin/map.html]
[static.crazycafe.net/crazycafe/ekudmin/full-screen-map.html]
[static.crazycafe.net/crazycafe/ekudmin/vector-map.html]
[static.crazycafe.net/crazycafe/ekudmin/assets/css/fullcalendar.min.css]
[static.crazycafe.net/crazycafe/ekudmin/assets/js/moment.min.js]
[static.crazycafe.net/crazycafe/ekudmin/calendar.html]
[static.crazycafe.net/crazycafe/ekudmin/assets/svg/nav-icon7.svg]
[static.crazycafe.net/crazycafe/ekudmin/assets/svg/nav-icon8.svg]
[static.crazycafe.net/crazycafe/ekudmin/assets/js/theme-chooser.js]
[static.crazycafe.net/crazycafe/ekudmin/login.html]
[static.crazycafe.net/crazycafe/ekudmin/register.html]
[static.crazycafe.net/crazycafe/ekudmin/unlock-code.html]
[static.crazycafe.net/crazycafe/ekudmin/search.html]
[static.crazycafe.net/crazycafe/ekudmin/profile.html]
[static.crazycafe.net/crazycafe/ekudmin/assets/img/invoice-logo.png]
[static.crazycafe.net/crazycafe/ekudmin/invoice.html]
[static.crazycafe.net/crazycafe/ekudmin/error.html]
[static.crazycafe.net/crazycafe/ekudmin/assets/img/gallery-img1.jpg]
[static.crazycafe.net/crazycafe/ekudmin/assets/img/gallery-img2.jpg]
[static.crazycafe.net/crazycafe/ekudmin/assets/img/gallery-img3.jpg]
[static.crazycafe.net/crazycafe/ekudmin/assets/img/gallery-img4.jpg]
[static.crazycafe.net/crazycafe/ekudmin/assets/js/fullcalendar.min.js]
[static.crazycafe.net/crazycafe/ekudmin/assets/img/gallery-img5.jpg]
[static.crazycafe.net/crazycafe/ekudmin/assets/js/jquery-ui.min.js]
[static.crazycafe.net/crazycafe/ekudmin/assets/img/gallery-img6.jpg]
[static.crazycafe.net/crazycafe/ekudmin/assets/img/gallery-img7.jpg]
[static.crazycafe.net/crazycafe/ekudmin/assets/img/gallery-img8.jpg]
[static.crazycafe.net/crazycafe/ekudmin/assets/img/gallery-img9.jpg]
[static.crazycafe.net/crazycafe/ekudmin/gallery.html]
[static.crazycafe.net/crazycafe/ekudmin/assets/svg/full-sc.svg]
[static.crazycafe.net/crazycafe/ekudmin/assets/svg/united-kingdom.svg]
[static.crazycafe.net/crazycafe/ekudmin/assets/svg/search.svg]
[static.crazycafe.net/crazycafe/ekudmin/assets/svg/mail.svg]
[static.crazycafe.net/crazycafe/ekudmin/assets/svg/bell.svg]
[static.crazycafe.net/crazycafe/ekudmin/assets/css/nice-select.css]
[static.crazycafe.net/crazycafe/ekudmin/assets/svg/pagination-arrow-left.svg]
[static.crazycafe.net/crazycafe/ekudmin/assets/svg/pagination-arrow-left-hv.svg]
[static.crazycafe.net/crazycafe/ekudmin/assets/svg/pagination-arrow-right.svg]
[static.crazycafe.net/crazycafe/ekudmin/assets/svg/pagination-arrow-right-hv.svg]
[static.crazycafe.net/crazycafe/ekudmin/assets/svg/pagination-arrow-left-hv2.svg]
[static.crazycafe.net/crazycafe/ekudmin/assets/svg/pagination-arrow-right-hv2.svg]
[static.crazycafe.net/crazycafe/ekudmin/assets/css/perfect-scrollbar.min.css]
[static.crazycafe.net/crazycafe/ekudmin/assets/svg/accordion-down.svg]
[static.crazycafe.net/crazycafe/ekudmin/assets/svg/info.svg]
[static.crazycafe.net/crazycafe/ekudmin/assets/svg/user.svg]
[static.crazycafe.net/crazycafe/ekudmin/assets/svg/dribbble.svg]
[static.crazycafe.net/crazycafe/ekudmin/assets/svg/setting.svg]
[static.crazycafe.net/crazycafe/ekudmin/assets/svg/panel-pagination-hv.svg]
[static.crazycafe.net/crazycafe/ekudmin/assets/svg/accordion-arrow.svg]
[static.crazycafe.net/crazycafe/ekudmin/assets/css/fullcalendar.min.css]
[static.crazycafe.net/crazycafe/ekudmin/forget.html]
[static.crazycafe.net/crazycafe/ekudmin/assets/img/navigation-img2.jpg]
