[templates.aucreative.co/arges/index.html]
[backblue.gif]
[fade.gif]
[index.html]
[templates.aucreative.co/arges/images/icons/favicon.png]
[templates.aucreative.co/arges/images/landding-page-bg-01.jpg]
[templates.aucreative.co/arges/index-2.html]
[templates.aucreative.co/arges/images/icons/logo-ld.png]
[templates.aucreative.co/arges/home-01.html]
[templates.aucreative.co/arges/images/landding-page-01.png]
[templates.aucreative.co/arges/home-02.html]
[templates.aucreative.co/arges/images/landding-page-02.png]
[templates.aucreative.co/arges/home-03.html]
[templates.aucreative.co/arges/images/landding-page-03.png]
[templates.aucreative.co/arges/images/landding-page-bg-02.jpg]
[templates.aucreative.co/arges/images/landding-page-04.png]
[templates.aucreative.co/arges/vendor/jquery/jquery-3.2.1.min.js]
[templates.aucreative.co/arges/vendor/animsition/js/animsition.min.js]
[templates.aucreative.co/arges/vendor/bootstrap/js/popper.js]
[templates.aucreative.co/arges/vendor/bootstrap/js/bootstrap.min.js]
[templates.aucreative.co/arges/vendor/select2/select2.min.js]
[templates.aucreative.co/arges/vendor/parallax100/parallax100.js]
[templates.aucreative.co/arges/vendor/waypoint/jquery.waypoints.min.js]
[templates.aucreative.co/arges/vendor/countterup/jquery.counterup.min.js]
[templates.aucreative.co/arges/vendor/slick/slick.min.js]
[templates.aucreative.co/arges/js/slick-custom.js]
[templates.aucreative.co/arges/vendor/MagnificPopup/jquery.magnific-popup.min.js]
[templates.aucreative.co/arges/js/main.js]
[templates.aucreative.co/arges/index.html]
[templates.aucreative.co/arges/vendor/bootstrap/css/bootstrap.min.css]
[templates.aucreative.co/arges/fonts/font-awesome-4.7.0/fonts/fontawesome-webfont3e6e.eot]
[templates.aucreative.co/arges/fonts/font-awesome-4.7.0/fonts/fontawesome-webfontd41d.eot]
[templates.aucreative.co/arges/fonts/font-awesome-4.7.0/fonts/fontawesome-webfont3e6e.woff]
[templates.aucreative.co/arges/fonts/font-awesome-4.7.0/fonts/fontawesome-webfont3e6e.ttf]
[templates.aucreative.co/arges/fonts/font-awesome-4.7.0/css/font-awesome.min.css]
[templates.aucreative.co/arges/fonts/fontawesome-5.0.8/webfonts/fa-brands-400.eot]
[templates.aucreative.co/arges/fonts/fontawesome-5.0.8/webfonts/fa-brands-400d41d.eot]
[templates.aucreative.co/arges/fonts/fontawesome-5.0.8/webfonts/fa-brands-400.woff]
[templates.aucreative.co/arges/fonts/fontawesome-5.0.8/webfonts/fa-brands-400.ttf]
[templates.aucreative.co/arges/fonts/fontawesome-5.0.8/webfonts/fa-regular-400.eot]
[templates.aucreative.co/arges/fonts/fontawesome-5.0.8/webfonts/fa-regular-400d41d.eot]
[templates.aucreative.co/arges/fonts/fontawesome-5.0.8/webfonts/fa-regular-400.woff]
[templates.aucreative.co/arges/fonts/fontawesome-5.0.8/webfonts/fa-regular-400.ttf]
[templates.aucreative.co/arges/fonts/fontawesome-5.0.8/webfonts/fa-solid-900.eot]
[templates.aucreative.co/arges/fonts/fontawesome-5.0.8/webfonts/fa-solid-900d41d.eot]
[templates.aucreative.co/arges/fonts/fontawesome-5.0.8/webfonts/fa-solid-900.woff]
[templates.aucreative.co/arges/fonts/fontawesome-5.0.8/webfonts/fa-solid-900.ttf]
[templates.aucreative.co/arges/fonts/fontawesome-5.0.8/css/fontawesome-all.min.css]
[templates.aucreative.co/arges/vendor/animate/animate.css]
[templates.aucreative.co/arges/vendor/css-hamburgers/hamburgers.min.css]
[templates.aucreative.co/arges/vendor/animsition/css/animsition.min.css]
[templates.aucreative.co/arges/vendor/select2/select2.min.css]
[templates.aucreative.co/arges/vendor/slick/slick.css]
[templates.aucreative.co/arges/vendor/MagnificPopup/magnific-popup.css]
[templates.aucreative.co/arges/css/util.min.css]
[templates.aucreative.co/arges/fonts/Roboto/Roboto-Regular.ttf]
[templates.aucreative.co/arges/fonts/Roboto/Roboto-Medium.ttf]
[templates.aucreative.co/arges/fonts/Roboto/Roboto-Bold.ttf]
[templates.aucreative.co/arges/css/main.css]
[templates.aucreative.co/arges/index-2.html]
[templates.aucreative.co/arges/images/icons/logo-01.png]
[templates.aucreative.co/arges/about.html]
[templates.aucreative.co/arges/services-list.html]
[templates.aucreative.co/arges/services-detail-01.html]
[templates.aucreative.co/arges/services-detail-02.html]
[templates.aucreative.co/arges/services-detail-03.html]
[templates.aucreative.co/arges/news-grid.html]
[templates.aucreative.co/arges/news-list.html]
[templates.aucreative.co/arges/news-detail.html]
[templates.aucreative.co/arges/projects-grid.html]
[templates.aucreative.co/arges/projects-detail-01.html]
[templates.aucreative.co/arges/projects-detail-02.html]
[templates.aucreative.co/arges/shop-grid.html]
[templates.aucreative.co/arges/shop-detail.html]
[templates.aucreative.co/arges/shop-cart.html]
[templates.aucreative.co/arges/contact.html]
[templates.aucreative.co/arges/images/slide-01.jpg]
[templates.aucreative.co/arges/images/services-01.jpg]
[templates.aucreative.co/arges/images/services-02.jpg]
[templates.aucreative.co/arges/images/services-03.jpg]
[templates.aucreative.co/arges/images/icons/symbol-01-dark.png]
[templates.aucreative.co/arges/images/icons/symbol-01-light.png]
[templates.aucreative.co/arges/images/icons/symbol-02-dark.png]
[templates.aucreative.co/arges/images/icons/symbol-02-light.png]
[templates.aucreative.co/arges/images/icons/symbol-03-dark.png]
[templates.aucreative.co/arges/images/icons/symbol-03-light.png]
[templates.aucreative.co/arges/images/icons/symbol-04-dark.png]
[templates.aucreative.co/arges/images/icons/symbol-04-light.png]
[templates.aucreative.co/arges/images/project-01.jpg]
[templates.aucreative.co/arges/images/project-02.jpg]
[templates.aucreative.co/arges/images/project-03.jpg]
[templates.aucreative.co/arges/images/bg-01.jpg]
[templates.aucreative.co/arges/images/news-01.jpg]
[templates.aucreative.co/arges/images/news-02.jpg]
[templates.aucreative.co/arges/images/news-03.jpg]
[templates.aucreative.co/arges/images/icons/partner-01.png]
[templates.aucreative.co/arges/images/icons/partner-02.png]
[templates.aucreative.co/arges/images/icons/partner-03.png]
[templates.aucreative.co/arges/images/icons/partner-04.png]
[templates.aucreative.co/arges/images/icons/partner-05.png]
[templates.aucreative.co/arges/images/bg-02.jpg]
[templates.aucreative.co/arges/images/ava-01.jpg]
[templates.aucreative.co/arges/images/ava-02.jpg]
[templates.aucreative.co/arges/images/bg-03.jpg]
[templates.aucreative.co/arges/images/icons/logo-02.png]
[templates.aucreative.co/arges/typography.html]
[templates.aucreative.co/arges/images/gallery-01.jpg]
[templates.aucreative.co/arges/images/gallery-02.jpg]
[templates.aucreative.co/arges/images/gallery-03.jpg]
[templates.aucreative.co/arges/images/gallery-04.jpg]
[templates.aucreative.co/arges/images/gallery-05.jpg]
[templates.aucreative.co/arges/images/gallery-06.jpg]
[templates.aucreative.co/arges/vendor/revolution/js/jquery.themepunch.tools.min.js]
[templates.aucreative.co/arges/vendor/revolution/js/jquery.themepunch.revolution.min.js]
[templates.aucreative.co/arges/vendor/revolution/js/extensions/revolution.extension.video.min.js]
[templates.aucreative.co/arges/vendor/revolution/js/extensions/revolution.extension.carousel.min.js]
[templates.aucreative.co/arges/vendor/revolution/js/extensions/revolution.extension.slideanims.min.js]
[templates.aucreative.co/arges/vendor/revolution/js/extensions/revolution.extension.actions.min.js]
[templates.aucreative.co/arges/vendor/revolution/js/extensions/revolution.extension.layeranimation.min.js]
[templates.aucreative.co/arges/vendor/revolution/js/extensions/revolution.extension.kenburn.min.js]
[templates.aucreative.co/arges/vendor/revolution/js/extensions/revolution.extension.navigation.min.js]
[templates.aucreative.co/arges/vendor/revolution/js/extensions/revolution.extension.migration.min.js]
[templates.aucreative.co/arges/vendor/revolution/js/extensions/revolution.extension.parallax.min.js]
[templates.aucreative.co/arges/js/revo-custom.js]
[templates.aucreative.co/arges/home-01.html]
[templates.aucreative.co/arges/images/slide-02.jpg]
[templates.aucreative.co/arges/images/other-01.jpg]
[templates.aucreative.co/arges/images/other-02.png]
[templates.aucreative.co/arges/images/bg-04.jpg]
[templates.aucreative.co/arges/images/ava-03.jpg]
[templates.aucreative.co/arges/images/team-01.jpg]
[templates.aucreative.co/arges/images/team-02.jpg]
[templates.aucreative.co/arges/images/team-03.jpg]
[templates.aucreative.co/arges/images/team-04.jpg]
[templates.aucreative.co/arges/home-02.html]
[templates.aucreative.co/arges/images/slide-03.jpg]
[templates.aucreative.co/arges/images/services-04.jpg]
[templates.aucreative.co/arges/images/services-05.jpg]
[templates.aucreative.co/arges/images/services-06.jpg]
[templates.aucreative.co/arges/images/other-03.jpg]
[templates.aucreative.co/arges/images/team-05.png]
[templates.aucreative.co/arges/images/team-06.png]
[templates.aucreative.co/arges/images/team-07.png]
[templates.aucreative.co/arges/images/team-08.png]
[templates.aucreative.co/arges/images/ava-04.jpg]
[templates.aucreative.co/arges/home-03.html]
[templates.aucreative.co/arges/fonts/font-awesome-4.7.0/fonts/fontawesome-webfont3e6e.html]
[templates.aucreative.co/arges/fonts/font-awesome-4.7.0/fonts/fontawesome-webfont3e6e.svg]
[templates.aucreative.co/arges/fonts/fontawesome-5.0.8/webfonts/fa-brands-400.html]
[templates.aucreative.co/arges/fonts/fontawesome-5.0.8/webfonts/fa-brands-400.svg]
[templates.aucreative.co/arges/fonts/fontawesome-5.0.8/webfonts/fa-regular-400.html]
[templates.aucreative.co/arges/fonts/fontawesome-5.0.8/webfonts/fa-regular-400.svg]
[templates.aucreative.co/arges/fonts/fontawesome-5.0.8/webfonts/fa-solid-900.html]
[templates.aucreative.co/arges/fonts/fontawesome-5.0.8/webfonts/fa-solid-900.svg]
[templates.aucreative.co/arges/vendor/revolution/css/layers.css]
[templates.aucreative.co/arges/vendor/revolution/css/navigation.css]
[templates.aucreative.co/arges/vendor/revolution/fonts/revicons/revicons90c6.eot]
[templates.aucreative.co/arges/vendor/revolution/fonts/revicons/revicons90c6.woff]
[templates.aucreative.co/arges/vendor/revolution/fonts/revicons/revicons90c6.ttf]
[templates.aucreative.co/arges/vendor/revolution/assets/gridtile.png]
[templates.aucreative.co/arges/vendor/revolution/assets/gridtile_white.png]
[templates.aucreative.co/arges/vendor/revolution/assets/gridtile_3x3.png]
[templates.aucreative.co/arges/vendor/revolution/assets/gridtile_3x3_white.png]
[templates.aucreative.co/arges/vendor/revolution/assets/coloredbg.png]
[templates.aucreative.co/arges/vendor/revolution/assets/loader.gif]
[templates.aucreative.co/arges/vendor/revolution/css/settings.css]
[templates.aucreative.co/arges/images/bg-05.jpg]
[templates.aucreative.co/arges/about.html]
[templates.aucreative.co/arges/images/bg-06.jpg]
[templates.aucreative.co/arges/images/services-07.jpg]
[templates.aucreative.co/arges/images/services-08.jpg]
[templates.aucreative.co/arges/images/services-09.jpg]
[templates.aucreative.co/arges/images/services-10.jpg]
[templates.aucreative.co/arges/images/services-11.jpg]
[templates.aucreative.co/arges/images/services-12.jpg]
[templates.aucreative.co/arges/services-list.html]
[templates.aucreative.co/arges/images/services-detail-01.jpg]
[templates.aucreative.co/arges/images/services-detail-02.jpg]
[templates.aucreative.co/arges/images/services-detail-03.jpg]
[templates.aucreative.co/arges/services-detail-01.html]
[templates.aucreative.co/arges/images/services-detail-04.jpg]
[templates.aucreative.co/arges/services-detail-02.html]
[templates.aucreative.co/arges/images/services-detail-05.jpg]
[templates.aucreative.co/arges/images/services-detail-06.jpg]
[templates.aucreative.co/arges/images/services-detail-07.jpg]
[templates.aucreative.co/arges/images/services-detail-08.jpg]
[templates.aucreative.co/arges/services-detail-03.html]
[templates.aucreative.co/arges/images/bg-07.jpg]
[templates.aucreative.co/arges/images/news-04.jpg]
[templates.aucreative.co/arges/images/news-05.jpg]
[templates.aucreative.co/arges/images/news-06.jpg]
[templates.aucreative.co/arges/images/news-07.jpg]
[templates.aucreative.co/arges/images/news-08.jpg]
[templates.aucreative.co/arges/images/news-09.jpg]
[templates.aucreative.co/arges/vendor/isotope/isotope.pkgd.min.js]
[templates.aucreative.co/arges/news-grid.html]
[templates.aucreative.co/arges/news-list.html]
[templates.aucreative.co/arges/images/news-detail-01.jpg]
[templates.aucreative.co/arges/images/ava-cmt-01.jpg]
[templates.aucreative.co/arges/images/ava-cmt-02.jpg]
[templates.aucreative.co/arges/images/ava-cmt-03.jpg]
[templates.aucreative.co/arges/news-detail.html]
[templates.aucreative.co/arges/images/bg-08.jpg]
[templates.aucreative.co/arges/images/project-04.jpg]
[templates.aucreative.co/arges/images/project-05.jpg]
[templates.aucreative.co/arges/images/project-06.jpg]
[templates.aucreative.co/arges/images/project-07.jpg]
[templates.aucreative.co/arges/images/project-08.jpg]
[templates.aucreative.co/arges/images/project-09.jpg]
[templates.aucreative.co/arges/images/project-10.jpg]
[templates.aucreative.co/arges/images/project-11.jpg]
[templates.aucreative.co/arges/images/project-12.jpg]
[templates.aucreative.co/arges/projects-grid.html]
[templates.aucreative.co/arges/images/project-detail-01.jpg]
[templates.aucreative.co/arges/images/project-detail-02.jpg]
[templates.aucreative.co/arges/images/project-detail-03.jpg]
[templates.aucreative.co/arges/projects-detail-01.html]
[templates.aucreative.co/arges/images/project-detail-04.jpg]
[templates.aucreative.co/arges/projects-detail-02.html]
[templates.aucreative.co/arges/images/bg-09.jpg]
[templates.aucreative.co/arges/images/icons/icon-cart.png]
[templates.aucreative.co/arges/images/product-01.jpg]
[templates.aucreative.co/arges/images/product-03.jpg]
[templates.aucreative.co/arges/images/product-02.jpg]
[templates.aucreative.co/arges/images/product-04.jpg]
[templates.aucreative.co/arges/images/product-05.jpg]
[templates.aucreative.co/arges/images/product-06.jpg]
[templates.aucreative.co/arges/images/product-08.jpg]
[templates.aucreative.co/arges/images/product-07.jpg]
[templates.aucreative.co/arges/images/product-09.jpg]
[templates.aucreative.co/arges/shop-grid.html]
[templates.aucreative.co/arges/images/product-detail-01.jpg]
[templates.aucreative.co/arges/vendor/sweetalert/sweetalert.min.js]
[templates.aucreative.co/arges/shop-detail.html]
[templates.aucreative.co/arges/shop-cart.html]
[templates.aucreative.co/arges/images/icons/pin-map.png]
[templates.aucreative.co/arges/js/map-custom.js]
[templates.aucreative.co/arges/js/contact.js]
[templates.aucreative.co/arges/contact.html]
[templates.aucreative.co/arges/typography.html]
[templates.aucreative.co/arges/vendor/revolution/fonts/revicons/revicons90c6.svg]
[templates.aucreative.co/arges/vendor/revolution/css/openhand.html]
[templates.aucreative.co/arges/vendor/revolution/css/closedhand.html]
